Java HotSpot(TM) 64-Bit Server VM (25.191-b12) for linux-amd64 JRE (1.8.0_191-b12), built on Oct  6 2018 05:43:09 by "java_re" with gcc 7.3.0
Memory: 4k page, physical 4030660k(798252k free), swap 1003516k(631884k free)
CommandLine flags: -XX:InitialHeapSize=64490560 -XX:MaxHeapSize=2147483648 -XX:+PrintGC -XX:+PrintGCDateStamps -XX:+PrintGCDetails -XX:+PrintGCTimeStamps -XX:+UseCompressedClassPointers -XX:+UseCompressedOops -XX:+UseParallelGC 
2021-03-10T17:53:48.423+0100: 0,836: [GC (Allocation Failure) [PSYoungGen: 15872K->2553K(18432K)] 15872K->2599K(60928K), 0,0046838 secs] [Times: user=0,00 sys=0,00, real=0,01 secs] 
2021-03-10T17:53:48.865+0100: 1,278: [GC (Allocation Failure) [PSYoungGen: 18425K->2549K(18432K)] 18471K->3557K(60928K), 0,0066576 secs] [Times: user=0,01 sys=0,00, real=0,01 secs] 
2021-03-10T17:53:49.183+0100: 1,596: [GC (Allocation Failure) [PSYoungGen: 18421K->2548K(18432K)] 19429K->4430K(60928K), 0,0071686 secs] [Times: user=0,01 sys=0,00, real=0,01 secs] 
2021-03-10T17:53:49.277+0100: 1,690: [GC (Allocation Failure) [PSYoungGen: 18420K->2548K(34304K)] 20302K->5359K(76800K), 0,0049134 secs] [Times: user=0,01 sys=0,00, real=0,00 secs] 
2021-03-10T17:53:49.831+0100: 2,243: [GC (Allocation Failure) [PSYoungGen: 34292K->2532K(34304K)] 37103K->8120K(76800K), 0,0096907 secs] [Times: user=0,01 sys=0,01, real=0,01 secs] 
2021-03-10T17:53:50.344+0100: 2,756: [GC (Allocation Failure) [PSYoungGen: 34276K->5625K(67584K)] 39864K->12737K(110080K), 0,0248215 secs] [Times: user=0,04 sys=0,01, real=0,02 secs] 
2021-03-10T17:53:50.688+0100: 3,101: [GC (Allocation Failure) [PSYoungGen: 67577K->7168K(69120K)] 74689K->23860K(111616K), 0,0419416 secs] [Times: user=0,05 sys=0,02, real=0,04 secs] 
2021-03-10T17:53:50.962+0100: 3,374: [GC (Allocation Failure) [PSYoungGen: 69120K->13296K(133120K)] 85812K->34924K(175616K), 0,0731138 secs] [Times: user=0,13 sys=0,02, real=0,08 secs] 
2021-03-10T17:53:51.464+0100: 3,877: [GC (Allocation Failure) [PSYoungGen: 133104K->17376K(137216K)] 154732K->55420K(179712K), 0,0796816 secs] [Times: user=0,12 sys=0,01, real=0,08 secs] 
2021-03-10T17:53:51.544+0100: 3,957: [Full GC (Ergonomics) [PSYoungGen: 17376K->8153K(137216K)] [ParOldGen: 38044K->42026K(78848K)] 55420K->50180K(216064K), [Metaspace: 16055K->16055K(1064960K)], 0,4621437 secs] [Times: user=0,82 sys=0,03, real=0,46 secs] 
2021-03-10T17:53:52.291+0100: 4,704: [GC (Allocation Failure) [PSYoungGen: 127961K->25760K(182272K)] 169988K->70546K(261120K), 0,0727908 secs] [Times: user=0,13 sys=0,01, real=0,07 secs] 
2021-03-10T17:53:52.690+0100: 5,103: [GC (Allocation Failure) [PSYoungGen: 181920K->31200K(214016K)] 226706K->97194K(292864K), 0,1012792 secs] [Times: user=0,16 sys=0,03, real=0,11 secs] 
2021-03-10T17:53:52.792+0100: 5,204: [Full GC (Ergonomics) [PSYoungGen: 31200K->18386K(214016K)] [ParOldGen: 65994K->78637K(136704K)] 97194K->97023K(350720K), [Metaspace: 16066K->16066K(1064960K)], 0,6397721 secs] [Times: user=1,20 sys=0,04, real=0,64 secs] 
2021-03-10T17:53:53.764+0100: 6,177: [GC (Allocation Failure) [PSYoungGen: 201170K->32640K(250880K)] 279807K->129725K(387584K), 0,1199080 secs] [Times: user=0,21 sys=0,02, real=0,12 secs] 
2021-03-10T17:53:54.219+0100: 6,632: [GC (Allocation Failure) [PSYoungGen: 238976K->47584K(253952K)] 336061K->166309K(390656K), 0,1187669 secs] [Times: user=0,23 sys=0,00, real=0,12 secs] 
2021-03-10T17:53:54.338+0100: 6,751: [Full GC (Ergonomics) [PSYoungGen: 47584K->29638K(253952K)] [ParOldGen: 118725K->136416K(219136K)] 166309K->166054K(473088K), [Metaspace: 16092K->16092K(1064960K)], 0,9359513 secs] [Times: user=1,72 sys=0,09, real=0,94 secs] 
2021-03-10T17:53:55.620+0100: 8,032: [GC (Allocation Failure) [PSYoungGen: 235974K->36384K(302080K)] 372390K->202536K(521216K), 0,2134561 secs] [Times: user=0,35 sys=0,06, real=0,23 secs] 
2021-03-10T17:53:56.196+0100: 8,608: [GC (Allocation Failure) [PSYoungGen: 281120K->64512K(309248K)] 447272K->245160K(528384K), 0,1631811 secs] [Times: user=0,30 sys=0,02, real=0,16 secs] 
2021-03-10T17:53:56.725+0100: 9,138: [GC (Allocation Failure) [PSYoungGen: 309248K->43904K(377856K)] 489896K->289208K(623616K), 0,2441963 secs] [Times: user=0,32 sys=0,04, real=0,24 secs] 
2021-03-10T17:53:56.969+0100: 9,382: [Full GC (Ergonomics) [PSYoungGen: 43904K->43311K(377856K)] [ParOldGen: 245304K->245250K(373248K)] 289208K->288562K(751104K), [Metaspace: 16130K->16130K(1064960K)], 2,4079070 secs] [Times: user=4,63 sys=0,08, real=2,41 secs] 
2021-03-10T17:54:00.017+0100: 12,429: [GC (Allocation Failure) [PSYoungGen: 340271K->69296K(378368K)] 585522K->314554K(751616K), 0,2238981 secs] [Times: user=0,43 sys=0,00, real=0,22 secs] 
2021-03-10T17:54:00.775+0100: 13,188: [GC (Allocation Failure) [PSYoungGen: 366256K->90080K(410112K)] 611514K->338434K(783360K), 0,2192728 secs] [Times: user=0,30 sys=0,03, real=0,22 secs] 
2021-03-10T17:54:01.488+0100: 13,901: [GC (Allocation Failure) [PSYoungGen: 410080K->48000K(426496K)] 658434K->364048K(799744K), 0,1914543 secs] [Times: user=0,32 sys=0,04, real=0,19 secs] 
2021-03-10T17:54:01.680+0100: 14,093: [Full GC (Ergonomics) [PSYoungGen: 48000K->0K(426496K)] [ParOldGen: 316048K->75254K(237568K)] 364048K->75254K(664064K), [Metaspace: 16844K->16844K(1064960K)], 0,6391559 secs] [Times: user=1,17 sys=0,06, real=0,64 secs] 
2021-03-10T17:54:02.987+0100: 15,400: [GC (Allocation Failure) [PSYoungGen: 320000K->27163K(456192K)] 395254K->102425K(693760K), 0,0447856 secs] [Times: user=0,08 sys=0,00, real=0,05 secs] 
2021-03-10T17:54:03.674+0100: 16,087: [GC (Allocation Failure) [PSYoungGen: 391195K->19712K(462848K)] 466457K->94982K(700416K), 0,0338088 secs] [Times: user=0,06 sys=0,00, real=0,03 secs] 
2021-03-10T17:54:04.406+0100: 16,818: [GC (Allocation Failure) [PSYoungGen: 383744K->11232K(490496K)] 459014K->86502K(728064K), 0,0381791 secs] [Times: user=0,07 sys=0,00, real=0,04 secs] 
2021-03-10T17:54:05.168+0100: 17,581: [GC (Allocation Failure) [PSYoungGen: 413152K->7968K(497152K)] 488422K->83238K(734720K), 0,0212431 secs] [Times: user=0,02 sys=0,00, real=0,02 secs] 
2021-03-10T17:54:05.772+0100: 18,185: [GC (Allocation Failure) [PSYoungGen: 409888K->40512K(527360K)] 485158K->115790K(764928K), 0,0806109 secs] [Times: user=0,13 sys=0,01, real=0,09 secs] 
2021-03-10T17:54:06.423+0100: 18,836: [GC (Allocation Failure) [PSYoungGen: 479296K->75904K(529408K)] 554574K->151182K(766976K), 0,1055909 secs] [Times: user=0,21 sys=0,01, real=0,11 secs] 
2021-03-10T17:54:07.109+0100: 19,521: [GC (Allocation Failure) [PSYoungGen: 514688K->35552K(559104K)] 589966K->110838K(796672K), 0,0663259 secs] [Times: user=0,12 sys=0,00, real=0,07 secs] 
2021-03-10T17:54:07.759+0100: 20,171: [GC (Allocation Failure) [PSYoungGen: 506592K->72736K(565760K)] 581878K->148022K(803328K), 0,1218826 secs] [Times: user=0,20 sys=0,01, real=0,12 secs] 
2021-03-10T17:54:08.504+0100: 20,916: [GC (Allocation Failure) [PSYoungGen: 543776K->34144K(599040K)] 619062K->109430K(836608K), 0,0719414 secs] [Times: user=0,12 sys=0,00, real=0,07 secs] 
2021-03-10T17:54:09.191+0100: 21,603: [GC (Allocation Failure) [PSYoungGen: 533344K->73184K(572416K)] 608630K->148478K(809984K), 0,1042490 secs] [Times: user=0,21 sys=0,00, real=0,11 secs] 
2021-03-10T17:54:10.212+0100: 22,625: [GC (Allocation Failure) [PSYoungGen: 572384K->53984K(597504K)] 647678K->129286K(835072K), 0,1073551 secs] [Times: user=0,20 sys=0,01, real=0,10 secs] 
2021-03-10T17:54:11.226+0100: 23,639: [GC (Allocation Failure) [PSYoungGen: 547552K->101344K(594944K)] 622854K->184518K(832512K), 0,1883247 secs] [Times: user=0,37 sys=0,01, real=0,19 secs] 
2021-03-10T17:54:12.239+0100: 24,652: [GC (Allocation Failure) [PSYoungGen: 594912K->103904K(498688K)] 678086K->239846K(736256K), 0,3120082 secs] [Times: user=0,53 sys=0,03, real=0,31 secs] 
2021-03-10T17:54:13.206+0100: 25,619: [GC (Allocation Failure) [PSYoungGen: 498656K->144416K(539648K)] 634598K->284414K(777216K), 0,2437540 secs] [Times: user=0,48 sys=0,01, real=0,25 secs] 
2021-03-10T17:54:14.133+0100: 26,546: [GC (Allocation Failure) [PSYoungGen: 539168K->159200K(442368K)] 679166K->330182K(679936K), 0,3218790 secs] [Times: user=0,64 sys=0,00, real=0,32 secs] 
2021-03-10T17:54:14.951+0100: 27,364: [GC (Allocation Failure) [PSYoungGen: 442336K->151424K(434688K)] 613318K->322430K(672256K), 0,2316815 secs] [Times: user=0,45 sys=0,00, real=0,23 secs] 
2021-03-10T17:54:15.579+0100: 27,992: [GC (Allocation Failure) [PSYoungGen: 434560K->173728K(454144K)] 605566K->344742K(691712K), 0,2538067 secs] [Times: user=0,47 sys=0,00, real=0,26 secs] 
2021-03-10T17:54:16.167+0100: 28,580: [GC (Allocation Failure) [PSYoungGen: 406688K->153792K(465920K)] 577702K->324822K(703488K), 0,2146720 secs] [Times: user=0,43 sys=0,00, real=0,21 secs] 
2021-03-10T17:54:16.697+0100: 29,110: [GC (Allocation Failure) [PSYoungGen: 386752K->173760K(465920K)] 557782K->344806K(703488K), 0,2865953 secs] [Times: user=0,51 sys=0,01, real=0,29 secs] 
2021-03-10T17:54:17.366+0100: 29,779: [GC (Allocation Failure) [PSYoungGen: 406720K->154432K(465920K)] 577766K->325486K(703488K), 0,2113784 secs] [Times: user=0,41 sys=0,00, real=0,21 secs] 
2021-03-10T17:54:17.901+0100: 30,313: [GC (Allocation Failure) [PSYoungGen: 387392K->113664K(465920K)] 558446K->343246K(703488K), 0,2537420 secs] [Times: user=0,49 sys=0,00, real=0,26 secs] 
2021-03-10T17:54:18.155+0100: 30,567: [Full GC (Ergonomics) [PSYoungGen: 113664K->0K(465920K)] [ParOldGen: 229582K->30436K(205312K)] 343246K->30436K(671232K), [Metaspace: 17364K->17364K(1067008K)], 0,2314455 secs] [Times: user=0,43 sys=0,00, real=0,23 secs] 
2021-03-10T17:54:18.743+0100: 31,156: [GC (Allocation Failure) [PSYoungGen: 232960K->18624K(465920K)] 263396K->49060K(671232K), 0,0310533 secs] [Times: user=0,07 sys=0,00, real=0,04 secs] 
2021-03-10T17:54:19.133+0100: 31,546: [GC (Allocation Failure) [PSYoungGen: 251584K->39264K(465920K)] 282020K->69700K(671232K), 0,0533822 secs] [Times: user=0,11 sys=0,00, real=0,05 secs] 
2021-03-10T17:54:19.532+0100: 31,945: [GC (Allocation Failure) [PSYoungGen: 272224K->22240K(465920K)] 302660K->52676K(671232K), 0,0411005 secs] [Times: user=0,06 sys=0,00, real=0,04 secs] 
2021-03-10T17:54:19.891+0100: 32,304: [GC (Allocation Failure) [PSYoungGen: 255200K->42752K(465920K)] 285636K->73188K(671232K), 0,0631910 secs] [Times: user=0,11 sys=0,00, real=0,06 secs] 
2021-03-10T17:54:20.287+0100: 32,700: [GC (Allocation Failure) [PSYoungGen: 275712K->10400K(465920K)] 306148K->54511K(671232K), 0,0392558 secs] [Times: user=0,08 sys=0,00, real=0,04 secs] 
2021-03-10T17:54:20.662+0100: 33,075: [GC (Allocation Failure) [PSYoungGen: 243360K->30816K(453632K)] 287471K->74943K(658944K), 0,0610853 secs] [Times: user=0,11 sys=0,00, real=0,07 secs] 
2021-03-10T17:54:21.085+0100: 33,498: [GC (Allocation Failure) [PSYoungGen: 263776K->11888K(459776K)] 307903K->56015K(665088K), 0,0285600 secs] [Times: user=0,04 sys=0,01, real=0,03 secs] 
2021-03-10T17:54:21.439+0100: 33,852: [GC (Allocation Failure) [PSYoungGen: 244848K->30624K(453632K)] 288975K->74751K(658944K), 0,0493292 secs] [Times: user=0,09 sys=0,00, real=0,05 secs] 
2021-03-10T17:54:21.822+0100: 34,234: [GC (Allocation Failure) [PSYoungGen: 280992K->28736K(463360K)] 325119K->72871K(668672K), 0,0452277 secs] [Times: user=0,08 sys=0,01, real=0,05 secs] 
2021-03-10T17:54:22.154+0100: 34,567: [GC (Allocation Failure) [PSYoungGen: 279104K->72032K(457728K)] 323239K->116167K(663040K), 0,1143365 secs] [Times: user=0,19 sys=0,01, real=0,11 secs] 
2021-03-10T17:54:22.562+0100: 34,975: [GC (Allocation Failure) [PSYoungGen: 342880K->120416K(464896K)] 387015K->164559K(670208K), 0,1556384 secs] [Times: user=0,30 sys=0,00, real=0,16 secs] 
2021-03-10T17:54:23.007+0100: 35,420: [GC (Allocation Failure) [PSYoungGen: 391264K->167744K(448512K)] 435407K->211887K(653824K), 0,2125240 secs] [Times: user=0,41 sys=0,00, real=0,21 secs] 
2021-03-10T17:54:23.479+0100: 35,892: [GC (Allocation Failure) [PSYoungGen: 414016K->211968K(458752K)] 458159K->256111K(664064K), 0,2578254 secs] [Times: user=0,50 sys=0,01, real=0,26 secs] 
2021-03-10T17:54:23.990+0100: 36,402: [GC (Allocation Failure) [PSYoungGen: 458240K->232928K(465920K)] 502383K->300351K(671232K), 0,3277275 secs] [Times: user=0,61 sys=0,04, real=0,33 secs] 
2021-03-10T17:54:24.611+0100: 37,023: [GC (Allocation Failure) [PSYoungGen: 465888K->165856K(465920K)] 533311K->233287K(671232K), 0,2498985 secs] [Times: user=0,47 sys=0,02, real=0,25 secs] 
2021-03-10T17:54:25.173+0100: 37,586: [GC (Allocation Failure) [PSYoungGen: 398816K->142752K(465920K)] 466247K->252439K(671232K), 0,2416681 secs] [Times: user=0,48 sys=0,00, real=0,24 secs] 
2021-03-10T17:54:25.719+0100: 38,132: [GC (Allocation Failure) [PSYoungGen: 375712K->104672K(465920K)] 485399K->271503K(671232K), 0,2235191 secs] [Times: user=0,41 sys=0,02, real=0,23 secs] 
2021-03-10T17:54:25.943+0100: 38,356: [Full GC (Ergonomics) [PSYoungGen: 104672K->0K(465920K)] [ParOldGen: 166831K->47237K(240640K)] 271503K->47237K(706560K), [Metaspace: 17457K->17457K(1067008K)], 0,3204748 secs] [Times: user=0,60 sys=0,01, real=0,31 secs] 
2021-03-10T17:54:26.550+0100: 38,963: [GC (Allocation Failure) [PSYoungGen: 232960K->18688K(465920K)] 280197K->65925K(706560K), 0,0434348 secs] [Times: user=0,08 sys=0,00, real=0,05 secs] 
2021-03-10T17:54:26.908+0100: 39,321: [GC (Allocation Failure) [PSYoungGen: 251648K->39072K(465920K)] 298885K->86309K(706560K), 0,0683534 secs] [Times: user=0,13 sys=0,00, real=0,07 secs] 
2021-03-10T17:54:27.284+0100: 39,697: [GC (Allocation Failure) [PSYoungGen: 272032K->39584K(465920K)] 319269K->105517K(706560K), 0,0928045 secs] [Times: user=0,19 sys=0,00, real=0,09 secs] 
2021-03-10T17:54:27.669+0100: 40,082: [GC (Allocation Failure) [PSYoungGen: 272544K->18976K(465920K)] 338477K->124541K(706560K), 0,0990820 secs] [Times: user=0,20 sys=0,00, real=0,10 secs] 
2021-03-10T17:54:28.066+0100: 40,479: [GC (Allocation Failure) [PSYoungGen: 251936K->18784K(465920K)] 357501K->143301K(706560K), 0,0715163 secs] [Times: user=0,14 sys=0,00, real=0,07 secs] 
2021-03-10T17:54:28.443+0100: 40,856: [GC (Allocation Failure) [PSYoungGen: 251744K->20768K(465920K)] 376261K->164045K(706560K), 0,0764125 secs] [Times: user=0,15 sys=0,00, real=0,07 secs] 
2021-03-10T17:54:28.817+0100: 41,229: [GC (Allocation Failure) [PSYoungGen: 253728K->19552K(465920K)] 397005K->183565K(706560K), 0,0744044 secs] [Times: user=0,14 sys=0,00, real=0,07 secs] 
2021-03-10T17:54:29.178+0100: 41,591: [GC (Allocation Failure) [PSYoungGen: 252512K->19296K(252416K)] 416525K->202829K(493056K), 0,0751896 secs] [Times: user=0,14 sys=0,01, real=0,08 secs] 
2021-03-10T17:54:29.542+0100: 41,955: [GC (Allocation Failure) [PSYoungGen: 252256K->18400K(473600K)] 435789K->221221K(714240K), 0,0702614 secs] [Times: user=0,14 sys=0,00, real=0,08 secs] 
2021-03-10T17:54:29.612+0100: 42,025: [Full GC (Ergonomics) [PSYoungGen: 18400K->0K(473600K)] [ParOldGen: 202821K->217373K(417792K)] 221221K->217373K(891392K), [Metaspace: 17470K->17470K(1067008K)], 1,5369664 secs] [Times: user=2,93 sys=0,04, real=1,53 secs] 
2021-03-10T17:54:31.451+0100: 43,864: [GC (Allocation Failure) [PSYoungGen: 242176K->19520K(262144K)] 459549K->236893K(679936K), 0,0527769 secs] [Times: user=0,09 sys=0,01, real=0,05 secs] 
2021-03-10T17:54:31.807+0100: 44,220: [GC (Allocation Failure) [PSYoungGen: 261696K->38560K(462336K)] 479069K->255933K(880128K), 0,0788470 secs] [Times: user=0,14 sys=0,00, real=0,08 secs] 
2021-03-10T17:54:32.224+0100: 44,637: [GC (Allocation Failure) [PSYoungGen: 297120K->60864K(457728K)] 514493K->278237K(875520K), 0,1085383 secs] [Times: user=0,20 sys=0,00, real=0,11 secs] 
2021-03-10T17:54:32.680+0100: 45,093: [GC (Allocation Failure) [PSYoungGen: 319424K->86016K(470016K)] 536797K->303389K(887808K), 0,1548875 secs] [Times: user=0,28 sys=0,01, real=0,16 secs] 
2021-03-10T17:54:33.206+0100: 45,619: [GC (Allocation Failure) [PSYoungGen: 368640K->89568K(468992K)] 586013K->326461K(886784K), 0,1761216 secs] [Times: user=0,34 sys=0,01, real=0,17 secs] 
2021-03-10T17:54:33.777+0100: 46,190: [GC (Allocation Failure) [PSYoungGen: 372192K->95008K(496640K)] 609085K->350989K(914432K), 0,1752352 secs] [Times: user=0,31 sys=0,02, real=0,18 secs] 
Heap
 PSYoungGen      total 496640K, used 253241K [0x00000000d5580000, 0x00000000ff180000, 0x0000000100000000)
  eden space 311296K, 50% used [0x00000000d5580000,0x00000000df0065e8,0x00000000e8580000)
  from space 185344K, 51% used [0x00000000f3b00000,0x00000000f97c8020,0x00000000ff000000)
  to   space 185856K, 0% used [0x00000000e8580000,0x00000000e8580000,0x00000000f3b00000)
 ParOldGen       total 417792K, used 255981K [0x0000000080000000, 0x0000000099800000, 0x00000000d5580000)
  object space 417792K, 61% used [0x0000000080000000,0x000000008f9fb710,0x0000000099800000)
 Metaspace       used 17567K, capacity 19638K, committed 19840K, reserved 1067008K
  class space    used 2312K, capacity 2681K, committed 2688K, reserved 1048576K
